// Jest Snapshot v1, https://goo.gl/fbAQLP

exports[`ContextBar does a snapshot test 1`] = `
<ThemeProvider
  theme={
    Object {
      "colors": Object {
        "addOnTab": "#347CFF",
        "addToCart": "#347CFF",
        "addonBg": "#EEEEEE",
        "backgroundGrey": "#E6E6E6",
        "black": "#000000",
        "close": "red",
        "contextBackground": "#f0f0f3",
        "darkGrey": "#464646",
        "disableBackground": "#E4E4E4",
        "disableButton": "#D1D1D1",
        "error": "#cc0000",
        "footer": "#48a942",
        "glutenFree": "#8d7356",
        "healthy": "#359919",
        "hint": "#a6a6a6",
        "inputBottomBorder": "lightgray",
        "itemBorder": "lightgrey",
        "itemTile": "#3C474C0",
        "light": "white",
        "loader": "#ababab",
        "loginBackground": "#303030",
        "loginBoxColor": "#434149",
        "loginField": "#AAA7AC",
        "loginFormBackground": "#484848",
        "navigationMenu": "#48a942",
        "navigationMenuHover": "cornflowerblue",
        "new": "#ff6000",
        "open": "#48a942",
        "paymentSuccessTitle": "#505050",
        "placeHolder": "#909090",
        "primary": "#347CFF",
        "primaryButton": "#347CFF",
        "primaryText": "#383838",
        "secondaryText": "#a6a6a6",
        "spicy": "#ed1c24",
        "text": "black",
        "textGrey": "#505050",
        "tile": "#505050",
        "validationError": "#cc0000",
        "vegan": "#0d4a22",
        "vegetarian": "#0d4a22",
      },
      "fontFamily": "Roboto",
      "fontSize": Object {
        "lg": "1.8rem",
        "md": "1.3rem",
        "nm": "1rem",
        "sm": "0.75rem",
        "xl": "2.4rem",
      },
      "fontSizeFromProps": [Function],
      "mediaBreakpoints": Object {
        "desktop": [Function],
        "mobile": [Function],
        "tablet": [Function],
      },
      "nav": Object {
        "height": "70px",
      },
      "receiptFontFamily": "Roboto",
      "shadow": "#cfcfcf 0.1px 0.1px 3px 0px",
      "spacing": Object {
        "lg": "4em",
        "md": "2em",
        "nm": "1em",
        "none": "0em",
        "sm": "0.5em",
        "xl": "8em",
      },
    }
  }
>
  <ContextBar
    history={
      Object {
        "goBack": [Function],
      }
    }
    item={Object {}}
    menu={
      Object {
        "current": Object {},
      }
    }
    section="site"
    sites={
      Object {
        "list": Array [],
      }
    }
  >
    <Styled(Flex)
      section="site"
    >
      <Flex
        className="sc-jqCOkK hZVEWp"
        section="site"
      >
        <Box
          className="sc-jqCOkK hZVEWp sc-bwzfXH hKiLMS"
          section="site"
        >
          <div
            className="sc-jqCOkK hZVEWp sc-bwzfXH hKiLMS sc-bdVaJa iHZvIS"
          >
            <Styled(Toolbar)>
              <Toolbar
                alignItems="center"
                bg="black"
                className="sc-uJMKN jmHnRw"
                color="white"
                extend={[Function]}
                minHeight="48px"
                px={2}
              >
                <ForwardRef
                  alignItems="center"
                  bg="black"
                  className="sc-uJMKN jmHnRw sc-fMiknA bDyjhZ"
                  color="white"
                  extend={[Function]}
                  minHeight="48px"
                  px={2}
                >
                  <Flex
                    alignItems="center"
                    bg="black"
                    className="sc-uJMKN jmHnRw sc-fMiknA bDyjhZ"
                    color="white"
                    minHeight="48px"
                    px={2}
                  >
                    <Box
                      alignItems="center"
                      bg="black"
                      className="sc-uJMKN jmHnRw sc-fMiknA bDyjhZ sc-bwzfXH loXcNn"
                      color="white"
                      minHeight="48px"
                      px={2}
                    >
                      <div
                        className="sc-uJMKN jmHnRw sc-fMiknA bDyjhZ sc-bwzfXH loXcNn sc-bdVaJa dqTGyd"
                        color="white"
                      >
                        <Styled(Flex)
                          className="back-link-container"
                        >
                          <Flex
                            className="back-link-container sc-jnlKLf gacpQB"
                          >
                            <Box
                              className="back-link-container sc-jnlKLf gacpQB sc-bwzfXH hKiLMS"
                            >
                              <div
                                className="back-link-container sc-jnlKLf gacpQB sc-bwzfXH hKiLMS sc-bdVaJa iHZvIS"
                              />
                            </Box>
                          </Flex>
                        </Styled(Flex)>
                      </div>
                    </Box>
                  </Flex>
                </ForwardRef>
              </Toolbar>
            </Styled(Toolbar)>
          </div>
        </Box>
      </Flex>
    </Styled(Flex)>
  </ContextBar>
</ThemeProvider>
`;
