// Jest Snapshot v1, https://goo.gl/fbAQLP

exports[`Loading does a snapshot test 1`] = `
.c2 {
  display: -webkit-box;
  display: -webkit-flex;
  display: -ms-flexbox;
  display: flex;
  position: relative;
  width: 7em;
  height: 60px;
}

.c2 > div {
  box-sizing: border-box;
  display: block;
  position: absolute;
  width: 7em;
  height: 7em;
  border: 10px solid #ababab;
  margin: 6px;
  border-radius: 50%;
  -webkit-animation: lds-ring 1.2s cubic-bezier(0.5,0,0.5,1) infinite;
  animation: lds-ring 1.2s cubic-bezier(0.5,0,0.5,1) infinite;
  border-color: #ababab transparent transparent transparent;
}

.c2 > div:nth-child(1) {
  -webkit-animation-delay: -0.45s;
  animation-delay: -0.45s;
}

.c2 > div:nth-child(2) {
  -webkit-animation-delay: -0.3s;
  animation-delay: -0.3s;
}

.c2 > div:nth-child(3) {
  -webkit-animation-delay: -0.15s;
  animation-delay: -0.15s;
}

.c1 {
  display: -webkit-box;
  display: -webkit-flex;
  display: -ms-flexbox;
  display: flex;
  -webkit-flex-direction: column;
  -ms-flex-direction: column;
  flex-direction: column;
  width: 100%;
  -webkit-flex: 0 0 auto;
  -ms-flex: 0 0 auto;
  flex: 0 0 auto;
  -webkit-align-items: center;
  -webkit-box-align: center;
  -ms-flex-align: center;
  align-items: center;
  -webkit-box-pack: center;
  -webkit-justify-content: center;
  -ms-flex-pack: center;
  justify-content: center;
  position: fixed;
  top: 0;
  bottom: 0;
  left: 0;
  right: 0;
}

.c0 {
  margin-top: 70px;
}

@media (max-width:32em) {
  .c2 {
    width: 3em;
    height: 3em;
  }
}

@media (max-width:32em) {
  .c2 > div {
    width: 3em;
    height: 3em;
    border: 5px solid #ababab;
    border-color: #ababab transparent transparent transparent;
  }
}

<ThemeProvider
  theme={
    Object {
      "colors": Object {
        "addOnTab": "#347CFF",
        "addToCart": "#347CFF",
        "addonBg": "#EEEEEE",
        "backgroundGrey": "#E6E6E6",
        "black": "#000000",
        "close": "red",
        "contextBackground": "#f0f0f3",
        "darkGrey": "#464646",
        "disableBackground": "#E4E4E4",
        "disableButton": "#D1D1D1",
        "error": "#cc0000",
        "footer": "#48a942",
        "glutenFree": "#8d7356",
        "healthy": "#359919",
        "hint": "#a6a6a6",
        "inputBottomBorder": "lightgray",
        "itemBorder": "lightgrey",
        "itemTile": "#3C474C0",
        "light": "white",
        "loader": "#ababab",
        "loginBackground": "#303030",
        "loginBoxColor": "#434149",
        "loginField": "#AAA7AC",
        "loginFormBackground": "#484848",
        "navigationMenu": "#48a942",
        "navigationMenuHover": "cornflowerblue",
        "new": "#ff6000",
        "open": "#48a942",
        "paymentSuccessTitle": "#505050",
        "placeHolder": "#909090",
        "primary": "#347CFF",
        "primaryButton": "#347CFF",
        "primaryText": "#383838",
        "secondaryText": "#a6a6a6",
        "spicy": "#ed1c24",
        "text": "black",
        "textGrey": "#505050",
        "tile": "#505050",
        "validationError": "#cc0000",
        "vegan": "#0d4a22",
        "vegetarian": "#0d4a22",
      },
      "fontFamily": "Roboto",
      "fontSize": Object {
        "lg": "1.8rem",
        "md": "1.3rem",
        "nm": "1rem",
        "sm": "0.75rem",
        "xl": "2.4rem",
      },
      "fontSizeFromProps": [Function],
      "mediaBreakpoints": Object {
        "desktop": [Function],
        "mobile": [Function],
        "tablet": [Function],
      },
      "nav": Object {
        "height": "70px",
      },
      "receiptFontFamily": "Roboto",
      "shadow": "#cfcfcf 0.1px 0.1px 3px 0px",
      "spacing": Object {
        "lg": "4em",
        "md": "2em",
        "nm": "1em",
        "none": "0em",
        "sm": "0.5em",
        "xl": "8em",
      },
    }
  }
>
  <Styled(_DefaultExportValue)>
    <_DefaultExportValue
      className="c0"
    >
      <styled.div
        className="loading-parent"
      >
        <div
          className="loading-parent c1"
        >
          <LoadingComponent>
            <styled.div>
              <div
                className="c2"
              >
                <div />
                <div />
                <div />
                <div />
              </div>
            </styled.div>
          </LoadingComponent>
        </div>
      </styled.div>
    </_DefaultExportValue>
  </Styled(_DefaultExportValue)>
</ThemeProvider>
`;
